51
toto by sa malo vytlacit
1020
5 4 3 2 1 0 -1 -2 -3 -4 
